2015-06-02 23:49:19,944 - mylogger - INFO - foorbar
